Microchip MPLAB XC8 Compiler V2.40

Linker command line:

-W-3 \
  --edf=C:\Program Files\Microchip\xc8\v2.40\pic\dat\20220703182018_en.msgs \
  -cn -h+dist/default/production\RTOS_2022_2.X.production.sym \
  --cmf=dist/default/production\RTOS_2022_2.X.production.cmf -z -Q18F4520 \
  -oC:\Users\migue\AppData\Local\Temp\xcAs324.4 --defsym=__MPLAB_BUILD=1 \
  --fixupoverflow=error \
  -Mdist/default/production/RTOS_2022_2.X.production.map \
  --md=C:\Users\migue\AppData\Local\Temp\xcAs324.dat -E1 -ver=XC8 Compiler \
  --acfsm=1493 -ASTACK=080h-045Ah -pstack=STACK -ACODE=00h-07FFFh \
  -ACONST=00h-07FFFh -ASMALLCONST=0600h-06FFhx122 \
  -AMEDIUMCONST=0600h-07FFFh -ACOMRAM=01h-07Fh -AABS1=00h-05FFh \
  -ABIGRAM=01h-05FFh -ARAM=080h-0FFh,0100h-01FFhx5 -ABANK0=080h-0FFh \
  -ABANK1=0100h-01FFh -ABANK2=0200h-02FFh -ABANK3=0300h-03FFh \
  -ABANK4=0400h-04FFh -ABANK5=0500h-05FFh -ASFR=0F80h-0FFFh \
  -ABIGSFR=0F80h-0FFFh -ACONFIG=0300000h-030000Dh -AIDLOC=0200000h-0200007h \
  -AEEDATA=0F00000h-0F000FFh -peeprom_data=EEDATA \
  -preset_vec=00h,intcode=08h,intcodelo,powerup,init -pramtop=0600h \
  -psmallconst=SMALLCONST -pmediumconst=MEDIUMCONST -pconst=CONST \
  -AFARRAM=00h-00h \
  -prdata=COMRAM,nvrram=COMRAM,nvbit=COMRAM,rbss=COMRAM,rbit=COMRAM \
  -pfarbss=FARRAM,fardata=FARRAM,nvFARRAM=FARRAM \
  -pintsave_regs=BIGRAM,bigbss=BIGRAM,bigdata=BIGRAM -pbss=RAM \
  -pidata=CODE,irdata=CODE,ibigdata=CODE,ifardata=CODE -prparam=COMRAM \
  C:\Users\migue\AppData\Local\Temp\xcAs324.o \
  dist/default/production\RTOS_2022_2.X.production.o 

Object code version is 3.11

Machine type is 18F4520



                Name                               Link     Load   Length Selector   Space Scale
C:\Users\migue\AppData\Local\Temp\xcAs324.o
                stack                                80       80      3DB       80       2
                idloc                            200000   200000        8        0       5
                config                           300000   300000        E        0       4
                init                                  C        C        8        4       0
                reset_vec                             0        0        4        0       0
dist/default/production\RTOS_2022_2.X.production.o
                intcode                               8        8        4        4       0
                idloc                            200000   200000        8        0       5
                config                           300000   300000        E        0       4
                temp                                 28       28       20        1       1
                text16                              F32      F32       96        4       0
                intcode_body                         14       14      858        4       0
                text14                             10A8     10A8       36        4       0
                text13                              D1E      D1E      124        4       0
                text12                             11C6     11C6        E        4       0
                text11                             11B8     11B8        E        4       0
                text10                              86C      86C      4B2        4       0
                text9                              1072     1072       36        4       0
                text8                              10DE     10DE       28        4       0
                text7                              1152     1152       26        4       0
                text6                              1178     1178       24        4       0
                text5                              11D4     11D4        6        4       0
                text4                               E42      E42       F0        4       0
                text3                              112C     112C       26        4       0
                text2                              1034     1034       3E        4       0
                text1                              119C     119C       1C        4       0
                text0                               FC8      FC8       6C        4       0
                cstackCOMRAM                          1        1       27        1       1
                bssBIGRAM                           45B      45B      1A5      45B       1
                bssCOMRAM                            48       48       10        1       1
                cinit                              1106     1106       26        4       0

TOTAL           Name                               Link     Load   Length     Space
        CLASS   STACK          
                stack                                80       80      3DB         2

        CLASS   CODE           
                intcode                               8        8        4         0
                init                                  C        C        8         0
                reset_vec                             0        0        4         0
                text16                              F32      F32       96         0
                intcode_body                         14       14      858         0
                text14                             10A8     10A8       36         0
                text13                              D1E      D1E      124         0
                text12                             11C6     11C6        E         0
                text11                             11B8     11B8        E         0
                text10                              86C      86C      4B2         0
                text9                              1072     1072       36         0
                text8                              10DE     10DE       28         0
                text7                              1152     1152       26         0
                text6                              1178     1178       24         0
                text5                              11D4     11D4        6         0
                text4                               E42      E42       F0         0
                text3                              112C     112C       26         0
                text2                              1034     1034       3E         0
                text1                              119C     119C       1C         0
                text0                               FC8      FC8       6C         0
                cinit                              1106     1106       26         0

        CLASS   CONST          

        CLASS   SMALLCONST     

        CLASS   MEDIUMCONST    

        CLASS   COMRAM         
                temp                                 28       28       20         1
                cstackCOMRAM                          1        1       27         1
                bssCOMRAM                            48       48       10         1

        CLASS   ABS1           

        CLASS   BIGRAM         
                bssBIGRAM                           45B      45B      1A5         1

        CLASS   RAM            

        CLASS   BANK0          

        CLASS   BANK1          

        CLASS   BANK2          

        CLASS   BANK3          

        CLASS   BANK4          

        CLASS   BANK5          

        CLASS   SFR            

        CLASS   BIGSFR         

        CLASS   CONFIG         
                config                           300000   300000        E         4

        CLASS   IDLOC          
                idloc                            200000   200000        8         5

        CLASS   EEDATA         

        CLASS   FARRAM         

        CLASS   HEAP           



SEGMENTS        Name                           Load    Length   Top    Selector   Space  Class

                reset_vec                      000000  000004  000004         0       0  CODE    
                cstackCOMRAM                   000001  000057  000058         1       1  COMRAM  
                intcode                        000008  0011D2  0011DA         4       0  CODE    
                stack                          000080  0003DB  00045B        80       2  STACK   
                bssBIGRAM                      00045B  0001A5  000600       45B       1  BIGRAM  


UNUSED ADDRESS RANGES

        Name                Unused          Largest block    Delta
        BANK0            000080-0000FF               80
        BANK1            000100-0001FF              100
        BANK2            000200-0002FF              100
        BANK3            000300-0003FF              100
        BANK4            000400-00045A               5B
        BIGRAM           000058-00045A              403
        BIGSFR           000F80-000FFF               80
        CODE             000004-000007                4
                         0011DA-007FFF             6E26
        COMRAM           000058-00007F               28
        CONST            000004-000007                4
                         0011DA-007FFF             6E26
        EEDATA           F00000-F000FF              100
        MEDIUMCONST      0011DA-007FFF             6E26
        RAM              000080-00045A              100
        SFR              000F80-000FFF               80
        SMALLCONST       0011DA-007FFF              100

                                  Symbol Table

_BSR                         (abs)        000FE0
_INTCON2bits                 (abs)        000FF1
_INTCONbits                  (abs)        000FF2
_LATDbits                    (abs)        000F8C
_NO_PRE_scheduler            text13       000D1E
_PORTDbits                   (abs)        000F83
_PRIOR_scheduler             text12       0011C6
_READY_queue                 bssBIGRAM    00045B
_STATUS                      (abs)        000FD8
_STKPTR                      (abs)        000FFC
_T0CONbits                   (abs)        000FD5
_TMR0                        (abs)        000FD6
_TOS                         (abs)        000FFD
_TRISDbits                   (abs)        000F95
_WREG                        (abs)        000FE8
__HRAM                       (abs)        000000
__Habs1                      abs1         000000
__Hbank0                     bank0        000000
__Hbank1                     bank1        000000
__Hbank2                     bank2        000000
__Hbank3                     bank3        000000
__Hbank4                     bank4        000000
__Hbank5                     bank5        000000
__Hbigbss                    bigbss       000000
__Hbigdata                   bigdata      000000
__Hbigram                    bigram       000000
__Hbigsfr                    bigsfr       000000
__Hbss                       bss          000000
__HbssBIGRAM                 bssBIGRAM    000000
__HbssCOMRAM                 bssCOMRAM    000000
__Hcinit                     cinit        000000
__Hclrtext                   clrtext      000000
__Hcomram                    comram       000000
__Hconfig                    config       30000E
__Hconst                     const        000000
__HcstackCOMRAM              cstackCOMRAM 000000
__Hdata                      data         000000
__Heeprom_data               eeprom_data  000000
__Hfarbss                    farbss       000000
__Hfardata                   fardata      000000
__Hheap                      heap         000000
__Hibigdata                  ibigdata     000000
__Hidata                     idata        000000
__Hidloc                     idloc        200008
__Hifardata                  ifardata     000000
__Hinit                      init         000014
__Hintcode                   intcode      00000C
__Hintcode_body              intcode_body 000000
__Hintcodelo                 intcodelo    00000C
__Hintentry                  intentry     000000
__Hintret                    intret       000000
__Hintsave_regs              intsave_regs 000000
__Hirdata                    irdata       000000
__Hmediumconst               mediumconst  000000
__HnvFARRAM                  nvFARRAM     000000
__Hnvbit                     nvbit        000000
__Hnvrram                    nvrram       000000
__Hparam                     rparam       000000
__Hpowerup                   powerup      00000C
__Hram                       ram          000000
__Hramtop                    ramtop       000600
__Hrbit                      rbit         000000
__Hrbss                      rbss         000000
__Hrdata                     rdata        000000
__Hreset_vec                 reset_vec    000004
__Hrparam                    rparam       000000
__Hsfr                       sfr          000000
__Hsmallconst                smallconst   000000
__Hspace_0                   (abs)        0011DA
__Hspace_1                   (abs)        000600
__Hspace_2                   (abs)        00045B
__Hspace_4                   (abs)        60000E
__Hstack                     stack        00045B
__Hstruct                    struct       000000
__Htemp                      temp         000048
__Htext                      text         000000
__Htext0                     text0        000000
__Htext1                     text1        000000
__Htext10                    text10       000000
__Htext11                    text11       000000
__Htext12                    text12       000000
__Htext13                    text13       000000
__Htext14                    text14       000000
__Htext16                    text16       000000
__Htext17                    text17       000000
__Htext2                     text2        000000
__Htext3                     text3        000000
__Htext4                     text4        000000
__Htext5                     text5        000000
__Htext6                     text6        000000
__Htext7                     text7        000000
__Htext8                     text8        000000
__Htext9                     text9        000000
__LRAM                       (abs)        000001
__Labs1                      abs1         000000
__Lbank0                     bank0        000000
__Lbank1                     bank1        000000
__Lbank2                     bank2        000000
__Lbank3                     bank3        000000
__Lbank4                     bank4        000000
__Lbank5                     bank5        000000
__Lbigbss                    bigbss       000000
__Lbigdata                   bigdata      000000
__Lbigram                    bigram       000000
__Lbigsfr                    bigsfr       000000
__Lbss                       bss          000000
__LbssBIGRAM                 bssBIGRAM    000000
__LbssCOMRAM                 bssCOMRAM    000000
__Lcinit                     cinit        000000
__Lclrtext                   clrtext      000000
__Lcomram                    comram       000000
__Lconfig                    config       000000
__Lconst                     const        000000
__LcstackCOMRAM              cstackCOMRAM 000000
__Ldata                      data         000000
__Leeprom_data               eeprom_data  000000
__Lfarbss                    farbss       000000
__Lfardata                   fardata      000000
__Lheap                      heap         000000
__Libigdata                  ibigdata     000000
__Lidata                     idata        000000
__Lidloc                     idloc        000000
__Lifardata                  ifardata     000000
__Linit                      init         00000C
__Lintcode                   intcode      000008
__Lintcode_body              intcode_body 000000
__Lintcodelo                 intcodelo    00000C
__Lintentry                  intentry     000000
__Lintret                    intret       000000
__Lintsave_regs              intsave_regs 000000
__Lirdata                    irdata       000000
__Lmediumconst               mediumconst  000000
__LnvFARRAM                  nvFARRAM     000000
__Lnvbit                     nvbit        000000
__Lnvrram                    nvrram       000000
__Lparam                     rparam       000000
__Lpowerup                   powerup      00000C
__Lram                       ram          000000
__Lramtop                    ramtop       000600
__Lrbit                      rbit         000000
__Lrbss                      rbss         000000
__Lrdata                     rdata        000000
__Lreset_vec                 reset_vec    000000
__Lrparam                    rparam       000000
__Lsfr                       sfr          000000
__Lsmallconst                smallconst   000000
__Lspace_0                   (abs)        000000
__Lspace_1                   (abs)        000000
__Lspace_2                   (abs)        000000
__Lspace_4                   (abs)        000000
__Lstack                     stack        000080
__Lstruct                    struct       000000
__Ltemp                      temp         000028
__Ltext                      text         000000
__Ltext0                     text0        000000
__Ltext1                     text1        000000
__Ltext10                    text10       000000
__Ltext11                    text11       000000
__Ltext12                    text12       000000
__Ltext13                    text13       000000
__Ltext14                    text14       000000
__Ltext16                    text16       000000
__Ltext17                    text17       000000
__Ltext2                     text2        000000
__Ltext3                     text3        000000
__Ltext4                     text4        000000
__Ltext5                     text5        000000
__Ltext6                     text6        000000
__Ltext7                     text7        000000
__Ltext8                     text8        000000
__Ltext9                     text9        000000
__S0                         (abs)        0011DA
__S1                         (abs)        000600
__S2                         (abs)        00045B
__S4                         (abs)        000000
__S5                         (abs)        000000
___heap_hi                   (abs)        000000
___heap_lo                   (abs)        000000
___inthi_sp                  stack        00026E
___intlo_sp                  stack        00045B
___param_bank                (abs)        000000
___rparam_used               (abs)        000001
___sp                        stack        000080
___wmul                      text16       000F32
__accesstop                  (abs)        000080
__activetblptr               (abs)        000000
__end_of_NO_PRE_scheduler    text13       000E42
__end_of_PRIOR_scheduler     text12       0011D4
__end_of___wmul              text16       000FC8
__end_of__initialization     cinit        001126
__end_of_aciona_led_1        text7        001178
__end_of_aciona_led_2        text8        001106
__end_of_aciona_led_3        text9        0010A8
__end_of_aciona_led_4        text14       0010DE
__end_of_hardware_init       text6        00119C
__end_of_isr_INT0            intcode_body 00086C
__end_of_kernel_start        text5        0011DA
__end_of_main                text0        001034
__end_of_new_task            text4        000F32
__end_of_os_init             text3        001152
__end_of_scheduler           text11       0011C6
__end_of_sem_init            text2        001072
__end_of_task_delay          text10       000D1E
__end_of_user_config         text1        0011B8
__initialization             cinit        001106
__mediumconst                mediumconst  000000
__pbssBIGRAM                 bssBIGRAM    00045B
__pbssCOMRAM                 bssCOMRAM    000048
__pcinit                     cinit        001106
__pcstackCOMRAM              cstackCOMRAM 000001
__pintcode                   intcode      000008
__pintcode_body              intcode_body 000014
__ptext0                     text0        000FC8
__ptext1                     text1        00119C
__ptext10                    text10       00086C
__ptext11                    text11       0011B8
__ptext12                    text12       0011C6
__ptext13                    text13       000D1E
__ptext14                    text14       0010A8
__ptext16                    text16       000F32
__ptext17                    text17       000000
__ptext2                     text2        001034
__ptext3                     text3        00112C
__ptext4                     text4        000E42
__ptext5                     text5        0011D4
__ptext6                     text6        001178
__ptext7                     text7        001152
__ptext8                     text8        0010DE
__ptext9                     text9        001072
__ramtop                     ramtop       000600
__smallconst                 smallconst   000000
_aciona_led_1                text7        001152
_aciona_led_2                text8        0010DE
_aciona_led_3                text9        001072
_aciona_led_4                text14       0010A8
_hardware_init               text6        001178
_isr_INT0                    intcode      000008
_kernel_start                text5        0011D4
_main                        text0        000FC8
_new_task                    text4        000E42
_os_init                     text3        00112C
_s                           bssCOMRAM    000048
_scheduler                   text11       0011B8
_sem_init                    text2        001034
_task_delay                  text10       00086C
_user_config                 text1        00119C
btemp                        temp         000028
end_of_initialization        cinit        001126
int_func                     intcode_body 000014
intlevel0                    text         000000
intlevel1                    text         000000
intlevel2                    text         000000
intlevel3                    text         000000
isa$std                      (abs)        000001
isa$xinst                    (abs)        000000
isr_INT0@i                   cstackCOMRAM 00001A
isr_INT0@pos_task            cstackCOMRAM 00001C
isr_INT0@pos_task_316        cstackCOMRAM 000020
isr_INT0@pos_task_318        cstackCOMRAM 00001E
isr_INT0@pos_task_320        cstackCOMRAM 000022
isr_INT0@task_stack_size     cstackCOMRAM 000012
isr_INT0@task_stack_size_317 cstackCOMRAM 000014
isr_INT0@task_stack_size_319 cstackCOMRAM 000016
isr_INT0@task_stack_size_321 cstackCOMRAM 000018
lltemp0                      temp         000028
lltemp1                      temp         000030
lltemp2                      temp         000038
lltemp3                      temp         000040
ltemp0                       temp         000028
ltemp1                       temp         00002C
ltemp2                       temp         000030
sem_init@sem                 cstackCOMRAM 000024
sem_init@value               cstackCOMRAM 000026
stackhi                      (abs)        00045A
stacklo                      (abs)        000080
start                        init         00000C
start_initialization         cinit        001106
ttemp0                       temp         000028
ttemp1                       temp         00002B
ttemp2                       temp         00002E
ttemp3                       temp         000031
ttemp5                       temp         000029
ttemp6                       temp         00002C
ttemp7                       temp         000030
wtemp0                       temp         000028
wtemp1                       temp         00002A
wtemp2                       temp         00002C
wtemp3                       temp         00002E
wtemp4                       temp         000030
wtemp5                       temp         000032
wtemp8                       temp         000029


MODULE INFORMATION

Module		Function		Class		Link	Load	Size
C:\Program Files\Microchip\xc8\v2.40\pic\sources\c99\common\Umul16.c
		___wmul        		CODE           	0F32	0000	150

C:\Program Files\Microchip\xc8\v2.40\pic\sources\c99\common\Umul16.c estimated size: 150

kernel.c
		_new_task      		CODE           	0E42	0000	240
		_hardware_init 		CODE           	1178	0000	36
		_os_init       		CODE           	112C	0000	38
		_kernel_start  		CODE           	11D4	0000	6
		_task_delay    		CODE           	086C	0000	1202
		_isr_INT0      		CODE           	0008	0000	2140

kernel.c estimated size: 3662

shared
		__initialization		CODE           	1106	0000	32

shared estimated size: 32

scheduler.c
		_PRIOR_scheduler		CODE           	11C6	0000	14
		_scheduler     		CODE           	11B8	0000	14
		_NO_PRE_scheduler		CODE           	0D1E	0000	292

scheduler.c estimated size: 320

user_tasks.c
		_user_config   		CODE           	119C	0000	28
		_aciona_led_1  		CODE           	1152	0000	38
		_aciona_led_2  		CODE           	10DE	0000	40
		_aciona_led_3  		CODE           	1072	0000	54
		_aciona_led_4  		CODE           	10A8	0000	54

user_tasks.c estimated size: 214

sync.c
		_sem_init      		CODE           	1034	0000	62

sync.c estimated size: 62

main.c
		_main          		CODE           	0FC8	0000	108

main.c estimated size: 108

